hooks/useDraggable.ts(35,9): error TS2304: Cannot find name 'setIsDragging'.
hooks/useDraggable.ts(39,23): error TS2304: Cannot find name 'position'.
hooks/useDraggable.ts(40,23): error TS2304: Cannot find name 'position'.
hooks/useDraggable.ts(41,32): error TS2304: Cannot find name 'position'.
hooks/useDraggable.ts(42,32): error TS2304: Cannot find name 'position'.
hooks/useDraggable.ts(44,9): error TS2304: Cannot find name 'position'.
hooks/useDraggable.ts(58,14): error TS2304: Cannot find name 'isDragging'.
hooks/useDraggable.ts(86,9): error TS2304: Cannot find name 'setPosition'.
hooks/useDraggable.ts(87,9): error TS2304: Cannot find name 'isDragging'.
hooks/useDraggable.ts(99,9): error TS2304: Cannot find name 'setIsDragging'.
hooks/useDraggable.ts(104,13): error TS2304: Cannot find name 'isDragging'.
hooks/useDraggable.ts(121,9): error TS2304: Cannot find name 'isDragging'.
hooks/useDraggable.ts(124,9): error TS18004: No value exists in scope for the shorthand property 'position'. Either declare one or provide an initializer.
hooks/useDraggable.ts(125,9): error TS18004: No value exists in scope for the shorthand property 'isDragging'. Either declare one or provide an initializer.
